$ cargo install gitpane

    Updating crates.io index
  Downloaded gitpane v0.6.2
  Downloaded 1 crate (3.8MiB) in 0.47s
  Installing gitpane v0.6.2
    Updating crates.io index
     Locking 338 packages to latest compatible versions
      Adding generic-array v0.14.7 (available: v0.14.9)
      Adding git2 v0.20.4 (available: v0.21.0)
      Adding strum v0.27.2 (available: v0.28.0)
      Adding toml v0.8.23 (available: v1.1.2+spec-1.1.0)
  Downloaded clap v4.6.1
  Downloaded file-id v0.2.3
  Downloaded num-conv v0.2.2
  Downloaded utf8-zero v0.8.1
  Downloaded indenter v0.3.4
  Downloaded eyre v0.6.12
  Downloaded color-spantrace v0.3.0
  Downloaded yoke-derive v0.8.2
  Downloaded tracing-error v0.2.1
  Downloaded idna_adapter v1.2.2
  Downloaded wait-timeout v0.2.1
  Downloaded zerofrom v0.1.8
  Downloaded notify-types v2.1.0
  Downloaded zerofrom-derive v0.1.7
  Downloaded either v1.16.0
  Downloaded zerovec-derive v0.11.3
  Downloaded litemap v0.8.2
  Downloaded yoke v0.8.2
  Downloaded socket2 v0.6.3
  Downloaded icu_locale_core v2.2.0
  Downloaded icu_normalizer_data v2.2.0
  Downloaded zerotrie v0.2.4
  Downloaded zerovec v0.11.6
  Downloaded ureq v3.3.0
  Downloaded icu_properties_data v2.2.0
  Downloaded hashbrown v0.17.1
  Downloaded webpki-roots v1.0.7
  Downloaded vcpkg v0.2.15
  Downloaded tracing-subscriber v0.3.23
  Downloaded gimli v0.32.3
  Downloaded git2 v0.20.4
  Downloaded notify-debouncer-full v0.7.0
  Downloaded rustls-webpki v0.103.13
  Downloaded icu_normalizer v2.2.0
  Downloaded icu_collections v2.2.0
  Downloaded cc v1.2.62
  Downloaded backtrace v0.3.76
  Downloaded openssl-sys v0.9.116
  Downloaded libssh2-sys v0.3.1
  Downloaded color-eyre v0.6.5
  Downloaded notify v8.2.0
  Downloaded icu_provider v2.2.0
  Downloaded icu_properties v2.2.0
  Downloaded writeable v0.6.3
  Downloaded libz-sys v1.1.28
  Downloaded ureq-proto v0.6.0
  Downloaded rustls-pki-types v1.14.1
  Downloaded fsevent-sys v4.1.0
  Downloaded clap_derive v4.6.1
  Downloaded addr2line v0.25.1
  Downloaded simd-adler32 v0.3.9
  Downloaded rustc-demangle v0.1.27
  Downloaded pkg-config v0.3.33
  Downloaded tinystr v0.8.3
  Downloaded tokio-macros v2.7.0
  Downloaded libgit2-sys v0.18.4+1.9.3
  Downloaded potential_utf v0.1.5
  Downloaded openssl-src v300.6.0+3.6.2
  Downloaded directories v6.0.0
  Downloaded tokio v1.52.3
  Downloaded rustls v0.23.40
  Downloaded 61 crates (15.2MiB) in 3.37s (largest was `openssl-src` at 6.9MiB)
   Compiling proc-macro2 v1.0.106
   Compiling quote v1.0.45
   Compiling unicode-ident v1.0.24
   Compiling libc v0.2.186
   Compiling cfg-if v1.0.4
   Compiling find-msvc-tools v0.1.9
   Compiling shlex v1.3.0
   Compiling serde_core v1.0.228
   Compiling log v0.4.29
   Compiling smallvec v1.15.1
   Compiling stable_deref_trait v1.2.1
   Compiling pkg-config v0.3.33
   Compiling vcpkg v0.2.15
   Compiling equivalent v1.0.2
   Compiling once_cell v1.21.4
   Compiling itoa v1.0.18
   Compiling pin-project-lite v0.2.17
   Compiling rustversion v1.0.22
   Compiling serde v1.0.228
   Compiling heck v0.5.0
   Compiling parking_lot_core v0.9.12
   Compiling futures-core v0.3.32
   Compiling foldhash v0.2.0
   Compiling writeable v0.6.3
   Compiling jobserver v0.1.34
   Compiling errno v0.3.14
   Compiling strsim v0.11.1
   Compiling thiserror v2.0.18
   Compiling ident_case v1.0.1
   Compiling cc v1.2.62
   Compiling memchr v2.8.0
   Compiling allocator-api2 v0.2.21
   Compiling litemap v0.8.2
   Compiling syn v2.0.117
   Compiling hashbrown v0.16.1
   Compiling signal-hook-registry v1.4.8
   Compiling openssl-src v300.6.0+3.6.2
   Compiling utf8_iter v1.0.4
   Compiling icu_normalizer_data v2.2.0
   Compiling icu_properties_data v2.2.0
   Compiling either v1.16.0
   Compiling scopeguard v1.2.0
   Compiling lock_api v0.4.14
   Compiling itertools v0.14.0
   Compiling castaway v0.2.4
   Compiling mio v1.2.0
   Compiling tracing-core v0.1.36
   Compiling libz-sys v1.1.28
   Compiling openssl-sys v0.9.116
   Compiling ring v0.17.14
   Compiling regex-syntax v0.8.10
   Compiling unicode-width v0.2.2
   Compiling bitflags v2.11.1
   Compiling instability v0.3.12
   Compiling static_assertions v1.1.0
   Compiling signal-hook v0.3.18
   Compiling unicode-segmentation v1.13.2
   Compiling ryu v1.0.23
   Compiling indoc v2.0.7
   Compiling compact_str v0.9.0
   Compiling convert_case v0.10.0
   Compiling unicode-truncate v2.0.1
   Compiling libssh2-sys v0.3.1
   Compiling regex-automata v0.4.14
   Compiling parking_lot v0.12.5
   Compiling lru v0.16.4
   Compiling synstructure v0.13.2
   Compiling darling_core v0.23.0
   Compiling powerfmt v0.2.0
   Compiling rustix v1.1.4
   Compiling simd-adler32 v0.3.9
   Compiling adler2 v2.0.1
   Compiling bytes v1.11.1
   Compiling zerofrom-derive v0.1.7
   Compiling yoke-derive v0.8.2
   Compiling zerovec-derive v0.11.3
   Compiling displaydoc v0.2.5
   Compiling zerofrom v0.1.8
   Compiling serde_derive v1.0.228
   Compiling thiserror-impl v2.0.18
   Compiling yoke v0.8.2
   Compiling darling_macro v0.23.0
   Compiling zerovec v0.11.6
   Compiling zerotrie v0.2.4
   Compiling strum_macros v0.27.2
   Compiling tinystr v0.8.3
   Compiling potential_utf v0.1.5
   Compiling icu_locale_core v2.2.0
   Compiling icu_collections v2.2.0
   Compiling kasuari v0.4.12
   Compiling icu_provider v2.2.0
   Compiling strum v0.27.2
   Compiling darling v0.23.0
   Compiling tracing-attributes v0.1.31
   Compiling zeroize v1.8.2
   Compiling futures-sink v0.3.32
   Compiling lazy_static v1.5.0
   Compiling rustls-pki-types v1.14.1
   Compiling sharded-slab v0.1.7
   Compiling futures-channel v0.3.32
   Compiling ratatui-core v0.1.0
   Compiling icu_properties v2.2.0
   Compiling icu_normalizer v2.2.0
   Compiling derive_more-impl v2.1.1
   Compiling tracing v0.1.44
   Compiling futures-macro v0.3.32
   Compiling matchers v0.2.0
   Compiling miniz_oxide v0.8.9
   Compiling deranged v0.5.8
   Compiling tracing-log v0.2.0
   Compiling getrandom v0.2.17
   Compiling num_threads v0.1.7
   Compiling thread_local v1.1.9
   Compiling nu-ansi-term v0.50.3
   Compiling httparse v1.10.1
   Compiling futures-io v0.3.32
   Compiling owo-colors v4.3.0
   Compiling crc32fast v1.5.0
   Compiling litrs v1.0.0
   Compiling time-core v0.1.8
   Compiling slab v0.4.12
   Compiling futures-task v0.3.32
   Compiling untrusted v0.9.0
   Compiling object v0.37.3
   Compiling num-conv v0.2.2
   Compiling percent-encoding v2.3.2
   Compiling utf8parse v0.2.2
   Compiling time v0.3.47
   Compiling anstyle-parse v1.0.0
   Compiling document-features v0.2.12
   Compiling futures-util v0.3.32
   Compiling tracing-subscriber v0.3.23
   Compiling signal-hook-mio v0.2.5
   Compiling idna_adapter v1.2.2
   Compiling derive_more v2.1.1
   Compiling line-clipping v0.3.7
   Compiling libgit2-sys v0.18.4+1.9.3
   Compiling option-ext v0.2.0
   Compiling rustls v0.23.40
   Compiling color-spantrace v0.3.0
   Compiling hashbrown v0.17.1
   Compiling zmij v1.0.21
   Compiling eyre v0.6.12
   Compiling anstyle-query v1.1.5
   Compiling colorchoice v1.0.5
   Compiling is_terminal_polyfill v1.70.2
   Compiling gimli v0.32.3
   Compiling anstyle v1.0.14
   Compiling same-file v1.0.6
   Compiling walkdir v2.5.0
   Compiling indexmap v2.14.0
   Compiling anstream v1.0.0
   Compiling tracing-error v0.2.1
   Compiling rustls-webpki v0.103.13
   Compiling dirs-sys v0.5.0
   Compiling crossterm v0.29.0
   Compiling ratatui-widgets v0.3.0
   Compiling addr2line v0.25.1
   Compiling idna v1.1.0
   Compiling form_urlencoded v1.2.2
   Compiling serde_spanned v0.6.9
   Compiling toml_datetime v0.6.11
   Compiling tokio-macros v2.7.0
   Compiling http v1.4.0
   Compiling notify-types v2.1.0
   Compiling socket2 v0.6.3
   Compiling fsevent-sys v4.1.0
   Compiling winnow v0.7.15
   Compiling serde_json v1.0.149
   Compiling base64 v0.22.1
   Compiling indenter v0.3.4
   Compiling rustc-demangle v0.1.27
   Compiling clap_lex v1.1.0
   Compiling toml_write v0.1.2
   Compiling subtle v2.6.1
   Compiling backtrace v0.3.76
   Compiling clap_builder v4.6.0
   Compiling ureq-proto v0.6.0
   Compiling toml_edit v0.22.27
   Compiling notify v8.2.0
   Compiling tokio v1.52.3
   Compiling url v2.5.8
   Compiling ratatui-macros v0.7.0
   Compiling flate2 v1.1.9
   Compiling ratatui-crossterm v0.1.0
   Compiling futures-executor v0.3.32
   Compiling webpki-roots v1.0.7
   Compiling clap_derive v4.6.1
   Compiling file-id v0.2.3
   Compiling utf8-zero v0.8.1
   Compiling ureq v3.3.0
   Compiling notify-debouncer-full v0.7.0
   Compiling clap v4.6.1
   Compiling futures v0.3.32
   Compiling ratatui v0.30.0
   Compiling tokio-util v0.7.18
   Compiling color-eyre v0.6.5
   Compiling toml v0.8.23
   Compiling dirs v6.0.0
   Compiling directories v6.0.0
   Compiling wait-timeout v0.2.1
   Compiling git2 v0.20.4
   Compiling gitpane v0.6.2
    Finished `release` profile [optimized] target(s) in 2m 30s
  Installing /Users/zach/.cargo/bin/gitpane
   Installed package `gitpane v0.6.2` (executable `gitpane`)
